[ Info: checking accuracy
┌ Info: result for halide_hist on very_highly_compressed/www.abalip.com.jpg
└   time = 0.022439156000000002
[ Info: checking accuracy
┌ Info: result for halide_hist on very_highly_compressed/www.carmelmusic.com.jpg
└   time = 0.021070943
[ Info: checking accuracy
┌ Info: result for halide_hist on very_highly_compressed/www.claudiozappi.it.jpg
└   time = 0.022325349
[ Info: checking accuracy
┌ Info: result for halide_hist on very_highly_compressed/www.duo-thais.com.jpg
└   time = 0.021561692
[ Info: checking accuracy
┌ Info: result for halide_hist on very_highly_compressed/www.handball-riehen.ch.jpg
└   time = 0.023030403
[ Info: checking accuracy
┌ Info: result for halide_rfactor_hist on very_highly_compressed/www.abalip.com.jpg
└   time = 0.023904906
[ Info: checking accuracy
┌ Info: result for halide_rfactor_hist on very_highly_compressed/www.carmelmusic.com.jpg
└   time = 0.023833437000000002
[ Info: checking accuracy
┌ Info: result for halide_rfactor_hist on very_highly_compressed/www.claudiozappi.it.jpg
└   time = 0.023906888
[ Info: checking accuracy
┌ Info: result for halide_rfactor_hist on very_highly_compressed/www.duo-thais.com.jpg
└   time = 0.023905560000000003
[ Info: checking accuracy
┌ Info: result for halide_rfactor_hist on very_highly_compressed/www.handball-riehen.ch.jpg
└   time = 0.023915600000000002
┌ Info: result for wingspan_hist on very_highly_compressed/www.abalip.com.jpg
└   time = 0.003146548
┌ Info: result for wingspan_hist on very_highly_compressed/www.carmelmusic.com.jpg
└   time = 0.002587628
┌ Info: result for wingspan_hist on very_highly_compressed/www.claudiozappi.it.jpg
└   time = 0.005842121
┌ Info: result for wingspan_hist on very_highly_compressed/www.duo-thais.com.jpg
└   time = 0.002715276
┌ Info: result for wingspan_hist on very_highly_compressed/www.handball-riehen.ch.jpg
└   time = 0.001589569
┌ Info: result for birdseed_hist on very_highly_compressed/www.abalip.com.jpg
└   time = 0.00132811
┌ Info: result for birdseed_hist on very_highly_compressed/www.carmelmusic.com.jpg
└   time = 0.001232737
┌ Info: result for birdseed_hist on very_highly_compressed/www.claudiozappi.it.jpg
└   time = 0.002361948
┌ Info: result for birdseed_hist on very_highly_compressed/www.duo-thais.com.jpg
└   time = 0.001046414
┌ Info: result for birdseed_hist on very_highly_compressed/www.handball-riehen.ch.jpg
└   time = 0.000741317
